Archive member included to satisfy reference by file (symbol)

build/cooja/mtype255.a(simEnvChange.o)
                              build/cooja/mtype255.o (simDontFallAsleep)
build/cooja/mtype255.a(cooja_mt.o)
                              build/cooja/mtype255.o (cooja_mt_start)
build/cooja/mtype255.a(cooja_mtarch.o)
                              build/cooja/mtype255.a(cooja_mt.o) (cooja_mtarch_start)
build/cooja/mtype255.a(rtimer-arch.o)
                              build/cooja/mtype255.o (rtimer_arch_check)
build/cooja/mtype255.a(beep.o)
                              build/cooja/mtype255.o (beep_interface)
build/cooja/mtype255.a(leds-arch.o)
                              build/cooja/mtype255.o (leds_interface)
build/cooja/mtype255.a(moteid.o)
                              build/cooja/mtype255.o (moteid_interface)
build/cooja/mtype255.a(pir-sensor.o)
                              build/cooja/mtype255.o (pir_interface)
build/cooja/mtype255.a(rs232.o)
                              build/cooja/mtype255.o (rs232_interface)
build/cooja/mtype255.a(vib-sensor.o)
                              build/cooja/mtype255.o (vib_interface)
build/cooja/mtype255.a(clock.o)
                              build/cooja/mtype255.o (clock_interface)
build/cooja/mtype255.a(cooja-log.o)
                              build/cooja/mtype255.o (simlog_interface)
build/cooja/mtype255.a(cfs-cooja.o)
                              build/cooja/mtype255.o (cfs_interface)
build/cooja/mtype255.a(cooja-radio.o)
                              build/cooja/mtype255.o (radio_interface)
build/cooja/mtype255.a(eeprom.o)
                              build/cooja/mtype255.o (eeprom_interface)
build/cooja/mtype255.a(random.o)
                              build/cooja/mtype255.a(moteid.o) (random_init)
build/cooja/mtype255.a(sensors.o)
                              build/cooja/mtype255.a(pir-sensor.o) (sensors_changed)
build/cooja/mtype255.a(leds.o)
                              build/cooja/mtype255.a(leds-arch.o) (leds_get)
build/cooja/mtype255.a(gpio-hal-arch.o)
                              build/cooja/mtype255.a(leds-arch.o) (gpio_hal_arch_register_pin_callback)
build/cooja/mtype255.a(buttons.o)
                              build/cooja/mtype255.o (button_interface)
build/cooja/mtype255.a(res-hello.o)
                              coap-example-server-z1.o (res_hello)
build/cooja/mtype255.a(coap-engine.o)
                              coap-example-server-z1.o (coap_activate_resource)
build/cooja/mtype255.a(coap-res-well-k)
                              build/cooja/mtype255.a(coap-engine.o) (res_well_known_core)
build/cooja/mtype255.a(coap.o)
                              build/cooja/mtype255.a(coap-engine.o) (coap_status_code)
build/cooja/mtype255.a(coap-uip.o)
                              build/cooja/mtype255.a(coap-engine.o) (coap_transport_init)
build/cooja/mtype255.a(coap-timer.o)
                              build/cooja/mtype255.a(coap-engine.o) (coap_timer_set)
build/cooja/mtype255.a(coap-transactio)
                              build/cooja/mtype255.a(coap-engine.o) (coap_send_transaction)
build/cooja/mtype255.a(coap-observe.o)
                              build/cooja/mtype255.a(coap-transactio) (coap_remove_observer_by_client)
build/cooja/mtype255.a(contiki-main.o)
                              build/cooja/mtype255.o (main)
build/cooja/mtype255.a(autostart.o)
                              build/cooja/mtype255.a(contiki-main.o) (autostart_start)
build/cooja/mtype255.a(ctimer.o)
                              build/cooja/mtype255.a(contiki-main.o) (ctimer_init)
build/cooja/mtype255.a(energest.o)
                              build/cooja/mtype255.a(contiki-main.o) (energest_init)
build/cooja/mtype255.a(etimer.o)
                              build/cooja/mtype255.a(contiki-main.o) (etimer_process)
build/cooja/mtype255.a(log.o)
                              build/cooja/mtype255.a(contiki-main.o) (curr_log_level_main)
build/cooja/mtype255.a(process.o)
                              build/cooja/mtype255.a(ctimer.o) (process_current)
build/cooja/mtype255.a(rtimer.o)
                              build/cooja/mtype255.a(contiki-main.o) (rtimer_init)
build/cooja/mtype255.a(node-id.o)
                              build/cooja/mtype255.a(contiki-main.o) (node_id)
build/cooja/mtype255.a(timer.o)
                              build/cooja/mtype255.a(etimer.o) (timer_set)
build/cooja/mtype255.a(list.o)
                              build/cooja/mtype255.a(coap-engine.o) (list_init)
build/cooja/mtype255.a(memb.o)
                              build/cooja/mtype255.a(coap-transactio) (memb_alloc)
build/cooja/mtype255.a(button-hal.o)
                              build/cooja/mtype255.o (button_hal_init)
build/cooja/mtype255.a(serial-line.o)
                              build/cooja/mtype255.a(rs232.o) (serial_line_input_byte)
build/cooja/mtype255.a(gpio-hal.o)
                              build/cooja/mtype255.a(button-hal.o) (gpio_hal_register_handler)
[...]
Memory Configuration

Name             Origin             Length             Attributes
*default*        0x0000000000000000 0xffffffffffffffff

Linker script and memory map

LOAD /usr/lib/gcc/i686-linux-gnu/7/../../../i386-linux-gnu/crti.o
LOAD /usr/lib/gcc/i686-linux-gnu/7/crtbeginS.o
LOAD coap-example-server-z1.o
LOAD build/cooja/mtype255.o
LOAD build/cooja/mtype255.a
LOAD /usr/lib/gcc/i686-linux-gnu/7/libgcc.a
LOAD /usr/lib/gcc/i686-linux-gnu/7/libgcc_s.so
START GROUP
LOAD /usr/lib/gcc/i686-linux-gnu/7/libgcc_s.so.1
LOAD /usr/lib/gcc/i686-linux-gnu/7/libgcc.a
END GROUP
LOAD /usr/lib/gcc/i686-linux-gnu/7/../../../i386-linux-gnu/libc.so
START GROUP
LOAD /lib/i386-linux-gnu/libc.so.6
LOAD /usr/lib/i386-linux-gnu/libc_nonshared.a
LOAD /lib/i386-linux-gnu/ld-linux.so.2
END GROUP
LOAD /usr/lib/gcc/i686-linux-gnu/7/libgcc.a
LOAD /usr/lib/gcc/i686-linux-gnu/7/libgcc_s.so
START GROUP
LOAD /usr/lib/gcc/i686-linux-gnu/7/libgcc_s.so.1
LOAD /usr/lib/gcc/i686-linux-gnu/7/libgcc.a
END GROUP
LOAD /usr/lib/gcc/i686-linux-gnu/7/crtendS.o
LOAD /usr/lib/gcc/i686-linux-gnu/7/../../../i386-linux-gnu/crtn.o
                0x0000000000000114                . = (SEGMENT_START ("text-segment", 0x0) + SIZEOF_HEADERS)

.note.gnu.build-id
                0x0000000000000114       0x24
 *(.note.gnu.build-id)
 .note.gnu.build-id
                0x0000000000000114       0x24 /usr/lib/gcc/i686-linux-gnu/7/../../../i386-linux-gnu/crti.o

.hash
 *(.hash)

.gnu.hash       0x0000000000000138     0x18b8
 *(.gnu.hash)
 .gnu.hash      0x0000000000000138     0x18b8 /usr/lib/gcc/i686-linux-gnu/7/../../../i386-linux-gnu/crti.o

.dynsym         0x00000000000019f0     0x3360
 *(.dynsym)
 .dynsym        0x00000000000019f0     0x3360 /usr/lib/gcc/i686-linux-gnu/7/../../../i386-linux-gnu/crti.o

.dynstr         0x0000000000004d50     0x3b75
 *(.dynstr)
 .dynstr        0x0000000000004d50     0x3b75 /usr/lib/gcc/i686-linux-gnu/7/../../../i386-linux-gnu/crti.o

.gnu.version    0x00000000000088c6      0x66c
 *(.gnu.version)
 .gnu.version   0x00000000000088c6      0x66c /usr/lib/gcc/i686-linux-gnu/7/../../../i386-linux-gnu/crti.o

.gnu.version_d  0x0000000000008f34        0x0
 *(.gnu.version_d)
 .gnu.version_d
                0x0000000000008f34        0x0 /usr/lib/gcc/i686-linux-gnu/7/../../../i386-linux-gnu/crti.o

.gnu.version_r  0x0000000000008f34       0x40
 *(.gnu.version_r)
 .gnu.version_r
                0x0000000000008f34       0x40 /usr/lib/gcc/i686-linux-gnu/7/../../../i386-linux-gnu/crti.o

.rel.dyn        0x0000000000008f74     0x1080
 *(.rel.init)
 .rel.init      0x0000000000008f74        0x0 /usr/lib/gcc/i686-linux-gnu/7/../../../i386-linux-gnu/crti.o
 *(.rel.text .rel.text.* .rel.gnu.linkonce.t.*)
 .rel.text      0x0000000000008f74      0x678 /usr/lib/gcc/i686-linux-gnu/7/../../../i386-linux-gnu/crti.o
 *(.rel.fini)
 .rel.fini      0x00000000000095ec        0x0 /usr/lib/gcc/i686-linux-gnu/7/../../../i386-linux-gnu/crti.o
 *(.rel.rodata .rel.rodata.* .rel.gnu.linkonce.r.*)
 *(.rel.data.rel.ro .rel.data.rel.ro.* .rel.gnu.linkonce.d.rel.ro.*)
 .rel.data.rel.ro.local
                0x00000000000095ec      0x220 /usr/lib/gcc/i686-linux-gnu/7/../../../i386-linux-gnu/crti.o
 .rel.data.rel.ro
                0x000000000000980c       0xb0 /usr/lib/gcc/i686-linux-gnu/7/../../../i386-linux-gnu/crti.o
 *(.rel.data .rel.data.* .rel.gnu.linkonce.d.*)
 .rel.data.rel.local
                0x00000000000098bc      0x3e0 /usr/lib/gcc/i686-linux-gnu/7/../../../i386-linux-gnu/crti.o
 .rel.data.rel  0x0000000000009c9c       0x78 /usr/lib/gcc/i686-linux-gnu/7/../../../i386-linux-gnu/crti.o
 *(.rel.tdata .rel.tdata.* .rel.gnu.linkonce.td.*)
 *(.rel.tbss .rel.tbss.* .rel.gnu.linkonce.tb.*)
 *(.rel.ctors)
 *(.rel.dtors)
 *(.rel.got)
 .rel.got       0x0000000000009d14      0x2d0 /usr/lib/gcc/i686-linux-gnu/7/../../../i386-linux-gnu/crti.o
 *(.rel.bss .rel.bss.* .rel.gnu.linkonce.b.*)
 *(.rel.ifunc)
 .rel.ifunc     0x0000000000009fe4        0x0 /usr/lib/gcc/i686-linux-gnu/7/../../../i386-linux-gnu/crti.o
 .rel.fini_array
                0x0000000000009fe4        0x8 /usr/lib/gcc/i686-linux-gnu/7/../../../i386-linux-gnu/crti.o
 .rel.init_array
                0x0000000000009fec        0x8 /usr/lib/gcc/i686-linux-gnu/7/../../../i386-linux-gnu/crti.o

.rel.plt        0x0000000000009ff4      0xcd8
 *(.rel.plt)
 .rel.plt       0x0000000000009ff4      0xcd8 /usr/lib/gcc/i686-linux-gnu/7/../../../i386-linux-gnu/crti.o
 *(.rel.iplt)

.init           0x000000000000accc       0x23
 *(SORT_NONE(.init))
 .init          0x000000000000accc       0x1e /usr/lib/gcc/i686-linux-gnu/7/../../../i386-linux-gnu/crti.o
                0x000000000000accc                _init
 .init          0x000000000000acea        0x5 /usr/lib/gcc/i686-linux-gnu/7/../../../i386-linux-gnu/crtn.o

.plt            0x000000000000acf0     0x19c0
 *(.plt)
 .plt           0x000000000000acf0     0x19c0 /usr/lib/gcc/i686-linux-gnu/7/../../../i386-linux-gnu/crti.o
 *(.iplt)

.plt.got        0x000000000000c6b0       0x18
 *(.plt.got)
 .plt.got       0x000000000000c6b0       0x18 /usr/lib/gcc/i686-linux-gnu/7/../../../i386-linux-gnu/crti.o

.plt.sec
 *(.plt.sec)

.text           0x000000000000c6d0    0x2b944
 *(.text.unlikely .text.*_unlikely .text.unlikely.*)
 *(.text.exit .text.exit.*)
 *(.text.startup .text.startup.*)
 *(.text.hot .text.hot.*)
 *(.text .stub .text.* .gnu.linkonce.t.*)
 .text          0x000000000000c6d0        0x0 /usr/lib/gcc/i686-linux-gnu/7/../../../i386-linux-gnu/crti.o
 .gnu.linkonce.t.__x86.get_pc_thunk.bx
                0x000000000000c6d0        0x4 /usr/lib/gcc/i686-linux-gnu/7/../../../i386-linux-gnu/crti.o
                0x000000000000c6d0                __x86.get_pc_thunk.bx
 *fill*         0x000000000000c6d4        0xc 
 .text          0x000000000000c6e0       0xe9 /usr/lib/gcc/i686-linux-gnu/7/crtbeginS.o
 .text.__x86.get_pc_thunk.dx
                0x000000000000c7c9        0x4 /usr/lib/gcc/i686-linux-gnu/7/crtbeginS.o
                0x000000000000c7c9                __x86.get_pc_thunk.dx
 .text          0x000000000000c7cd       0xb2 coap-example-server-z1.o
 .text          0x000000000000c87f      0x36b build/cooja/mtype255.o
                0x000000000000c931                platform_init_stage_one
                0x000000000000c954                platform_init_stage_two
                0x000000000000c977                platform_init_stage_three
                0x000000000000c99a                platform_main_loop
                0x000000000000ca40                Java_org_contikios_cooja_corecomm_Lib1_init
                0x000000000000ca8e                Java_org_contikios_cooja_corecomm_Lib1_getMemory
                0x000000000000cace                Java_org_contikios_cooja_corecomm_Lib1_setMemory
                0x000000000000cb3f                Java_org_contikios_cooja_corecomm_Lib1_tick
                0x000000000000cbc9                Java_org_contikios_cooja_corecomm_Lib1_setReferenceAddress
 .text.__x86.get_pc_thunk.ax
                0x000000000000cbea        0x4 build/cooja/mtype255.o
                0x000000000000cbea                __x86.get_pc_thunk.ax
 .text          0x000000000000cbee       0x8d build/cooja/mtype255.a(simEnvChange.o)
                0x000000000000cbee                doActionsBeforeTick
                0x000000000000cc34                doActionsAfterTick
 .text          0x000000000000cc7b       0xb6 build/cooja/mtype255.a(cooja_mt.o)
                0x000000000000cc7b                cooja_mt_start
                0x000000000000ccb5                cooja_mt_exec
                0x000000000000ccfc                cooja_mt_yield
 .text          0x000000000000cd31       0xf2 build/cooja/mtype255.a(cooja_mtarch.o)
                0x000000000000cd31                cooja_mtarch_start
                0x000000000000cdb5                cooja_sw
                0x000000000000cde3                cooja_mtarch_exec
                0x000000000000ce0e                cooja_mtarch_yield
 .text          0x000000000000ce23      0x127 build/cooja/mtype255.a(rtimer-arch.o)
                0x000000000000ce23                rtimer_arch_init
                0x000000000000ce52                rtimer_arch_schedule
                0x000000000000ce94                rtimer_arch_next
                0x000000000000ceae                rtimer_arch_pending
                0x000000000000cec5                rtimer_arch_check
                0x000000000000cf30                rtimer_arch_now
 .text.__x86.get_pc_thunk.cx
                0x000000000000cf4a        0x4 build/cooja/mtype255.a(rtimer-arch.o)
                0x000000000000cf4a                __x86.get_pc_thunk.cx
 .text          0x000000000000cf4e      0x101 build/cooja/mtype255.a(beep.o)
                0x000000000000cf4e                beep_alarm
                0x000000000000cf67                beep_beep
                0x000000000000cf80                beep
                0x000000000000cf99                beep_down
                0x000000000000cfb2                beep_on
                0x000000000000cfcb                beep_off
                0x000000000000cfe4                beep_spinup
                0x000000000000cffd                beep_quick
                0x000000000000d016                beep_long
 .text          0x000000000000d04f       0x9f build/cooja/mtype255.a(leds-arch.o)
                0x000000000000d073                leds_arch_init
 .text          0x000000000000d0ee       0x56 build/cooja/mtype255.a(moteid.o)
 .text          0x000000000000d144      0x101 build/cooja/mtype255.a(pir-sensor.o)
 .text          0x000000000000d245      0x1cc build/cooja/mtype255.a(rs232.o)
                0x000000000000d245                rs232_init
                0x000000000000d255                rs232_set_speed
                0x000000000000d26e                rs232_set_input
                0x000000000000d287                rs232_send
                0x000000000000d2bd                rs232_print
                0x000000000000d2eb                slip_arch_writeb
 .text          0x000000000000d411      0x101 build/cooja/mtype255.a(vib-sensor.o)
 .text          0x000000000000d512       0x7a build/cooja/mtype255.a(clock.o)
                0x000000000000d512                clock_init
                0x000000000000d522                clock_time
                0x000000000000d539                clock_seconds
                0x000000000000d55c                clock_delay
 .text          0x000000000000d58c      0x2b5 build/cooja/mtype255.a(cooja-log.o)
                0x000000000000d58c                simlog_char
                0x000000000000d5f0                simlog
                0x000000000000d68a                log_message
                0x000000000000d6d9                log_set_putchar_with_slip
                0x000000000000d6f2                log_putchar
                0x000000000000d77d                log_puts
                0x000000000000d7af                log_printf
 .text          0x000000000000d841      0x36c build/cooja/mtype255.a(cfs-cooja.o)
                0x000000000000d841                cfs_open
                0x000000000000d8b9                cfs_close
                0x000000000000d8d0                cfs_read
                0x000000000000d984                cfs_write
                0x000000000000da82                cfs_seek
                0x000000000000db1f                cfs_remove
                0x000000000000db55                cfs_opendir
                0x000000000000db69                cfs_readdir
                0x000000000000db7d                cfs_closedir
 .text          0x000000000000dbad      0x785 build/cooja/mtype255.a(cooja-radio.o)
                0x000000000000dc1b                radio_set_channel
                0x000000000000dc34                radio_set_txpower
                0x000000000000dc57                radio_signal_strength_last
                0x000000000000dc6c                radio_signal_strength_current
                0x000000000000dc81                radio_LQI
 .text          0x000000000000e332      0x130 build/cooja/mtype255.a(eeprom.o)
                0x000000000000e332                eeprom_init
                0x000000000000e342                eeprom_read
                0x000000000000e3c2                eeprom_write
 .text          0x000000000000e462       0x4e build/cooja/mtype255.a(random.o)
                0x000000000000e462                random_init
                0x000000000000e492                random_rand
 .text          0x000000000000e4b0      0x332 build/cooja/mtype255.a(sensors.o)
                0x000000000000e4f7                sensors_first
                0x000000000000e50e                sensors_next
                0x000000000000e539                sensors_changed
                0x000000000000e586                sensors_find
 .text          0x000000000000e7e2      0x3fc build/cooja/mtype255.a(leds.o)
                0x000000000000e7e2                leds_init
                0x000000000000e83a                leds_single_on
                0x000000000000e8b2                leds_single_off
                0x000000000000e92a                leds_single_toggle
                0x000000000000e96e                leds_on
                0x000000000000ea06                leds_off
                0x000000000000ea9e                leds_toggle
                0x000000000000eb04                leds_set
                0x000000000000eb3a                leds_get
 .text          0x000000000000ebde      0x401 build/cooja/mtype255.a(gpio-hal-arch.o)
                0x000000000000ebde                gpio_hal_arch_register_pin_callback
                0x000000000000ec5f                gpio_hal_arch_init
                0x000000000000ecb9                gpio_hal_arch_no_port_interrupt_enable
                0x000000000000ecf3                gpio_hal_arch_no_port_interrupt_disable
                0x000000000000ed2d                gpio_hal_arch_no_port_pin_cfg_set
                0x000000000000ed5c                gpio_hal_arch_no_port_pin_cfg_get
                0x000000000000ed8c                gpio_hal_arch_no_port_pin_set_input
                0x000000000000eda8                gpio_hal_arch_no_port_pin_set_output
                0x000000000000edc4                gpio_hal_arch_no_port_set_pin
                0x000000000000edef                gpio_hal_arch_no_port_clear_pin
                0x000000000000ee1a                gpio_hal_arch_no_port_read_pin
                0x000000000000ee4c                gpio_hal_arch_no_port_write_pin
                0x000000000000ee80                gpio_hal_arch_no_port_set_pins
                0x000000000000eed1                gpio_hal_arch_no_port_clear_pins
                0x000000000000ef22                gpio_hal_arch_no_port_read_pins
                0x000000000000ef75                gpio_hal_arch_no_port_write_pins
 .text          0x000000000000efdf       0xc6 build/cooja/mtype255.a(buttons.o)
 .text          0x000000000000f0a5      0x11d build/cooja/mtype255.a(res-hello.o)
 .text          0x000000000000f1c2      0xd4f build/cooja/mtype255.a(coap-engine.o)
                0x000000000000f293                coap_add_handler
                0x000000000000f2c1                coap_remove_handler
                0x000000000000f2ef                coap_call_handlers
                0x000000000000f416                coap_receive
                0x000000000000fa90                coap_engine_init
                0x000000000000fb03                coap_activate_resource
                0x000000000000fbc0                coap_get_first_resource
                0x000000000000fbea                coap_get_next_resource
 .text          0x000000000000ff11      0x2ed build/cooja/mtype255.a(coap-res-well-k)
 .text          0x00000000000101fe     0x1f9f build/cooja/mtype255.a(coap.o)
                0x00000000000107f9                coap_init_connection
                0x000000000001081e                coap_get_mid
                0x0000000000010845                coap_init_message
                0x000000000001089e                coap_serialize_message
                0x0000000000010f35                coap_parse_message
                0x0000000000011651                coap_get_query_variable
                0x000000000001169d                coap_get_post_variable
                0x00000000000116eb                coap_set_status_code
                0x000000000001171a                coap_set_token
                0x0000000000011771                coap_get_header_content_format
                0x00000000000117ac                coap_set_header_content_format
                0x00000000000117d9                coap_get_header_accept
                0x0000000000011814                coap_set_header_accept
                0x0000000000011841                coap_get_header_max_age
                0x000000000001187c                coap_set_header_max_age
                0x00000000000118a6                coap_get_header_etag
                0x00000000000118e2                coap_set_header_etag
                0x0000000000011949                coap_get_header_if_match
                0x0000000000011985                coap_set_header_if_match
                0x00000000000119ec                coap_get_header_if_none_match
                0x0000000000011a10                coap_set_header_if_none_match
                0x0000000000011a31                coap_get_header_proxy_uri
                0x0000000000011a69                coap_set_header_proxy_uri
                0x0000000000011ab6                coap_get_header_uri_host
                0x0000000000011aee                coap_set_header_uri_host
                0x0000000000011b3b                coap_get_header_uri_path
                0x0000000000011b73                coap_set_header_uri_path
                0x0000000000011bd1                coap_get_header_uri_query
                0x0000000000011c0f                coap_set_header_uri_query
                0x0000000000011c76                coap_get_header_location_path
                0x0000000000011cae                coap_set_header_location_path
                0x0000000000011d56                coap_get_header_location_query
                0x0000000000011d8e                coap_set_header_location_query
                0x0000000000011dec                coap_get_header_observe
                0x0000000000011e25                coap_set_header_observe
                0x0000000000011e4f                coap_get_header_block2
                0x0000000000011ec5                coap_set_header_block2
                0x0000000000011f46                coap_get_header_block1
                0x0000000000011fc5                coap_set_header_block1
                0x000000000001204a                coap_get_header_size2
                0x0000000000012084                coap_set_header_size2
                0x00000000000120b1                coap_get_header_size1
                0x00000000000120eb                coap_set_header_size1
                0x0000000000012118                coap_get_payload
                0x000000000001215c                coap_set_payload
 .text          0x000000000001219d      0xd02 build/cooja/mtype255.a(coap-uip.o)
                0x000000000001220a                coap_endpoint_log
                0x00000000000122a7                coap_endpoint_print
                0x0000000000012344                coap_endpoint_snprint
                0x000000000001248d                coap_endpoint_copy
                0x00000000000124d4                coap_endpoint_cmp
                0x0000000000012605                coap_endpoint_parse
                0x0000000000012816                coap_endpoint_is_secure
                0x000000000001282f                coap_endpoint_is_connected
                0x00000000000128cd                coap_endpoint_connect
                0x0000000000012922                coap_endpoint_disconnect
                0x000000000001296b                coap_databuf
                0x0000000000012982                coap_transport_init
                0x0000000000012a55                coap_sendto
                0x0000000000012cca                coap_set_keystore
 .text          0x0000000000012e9f      0x3ad build/cooja/mtype255.a(coap-timer.o)
                0x0000000000012fc4                coap_timer_stop
                0x0000000000012fff                coap_timer_set
                0x000000000001304c                coap_timer_reset
                0x0000000000013099                coap_timer_time_to_next_expiration
                0x0000000000013116                coap_timer_run
                0x00000000000131f8                coap_timer_init
 .text          0x000000000001324c      0x334 build/cooja/mtype255.a(coap-transactio)
                0x00000000000132da                coap_new_transaction
                0x0000000000013352                coap_send_transaction
                0x00000000000134c4                coap_clear_transaction
                0x000000000001351e                coap_get_transaction_by_mid
 .text          0x0000000000013580      0xa13 build/cooja/mtype255.a(coap-observe.o)
                0x00000000000136bb                coap_remove_observer
                0x00000000000136fd                coap_remove_observer_by_client
                0x0000000000013775                coap_remove_observer_by_token
                0x0000000000013818                coap_remove_observer_by_uri
                0x00000000000138cf                coap_remove_observer_by_mid
                0x000000000001395b                coap_notify_observers
                0x000000000001397e                coap_notify_observers_sub
                0x0000000000013def                coap_observe_handler
                0x0000000000013f1a                coap_has_observers
 .text          0x0000000000013f93      0x3c6 build/cooja/mtype255.a(contiki-main.o)
                0x0000000000013f93                main
 .text          0x0000000000014359       0xb0 build/cooja/mtype255.a(autostart.o)
                0x0000000000014359                autostart_start
                0x00000000000143b2                autostart_exit
 .text          0x0000000000014409      0x400 build/cooja/mtype255.a(ctimer.o)
                0x000000000001454c                ctimer_init
                0x0000000000014591                ctimer_set
                0x00000000000145c4                ctimer_set_with_process
                0x000000000001465b                ctimer_reset
                0x00000000000146c9                ctimer_restart
                0x0000000000014737                ctimer_stop
                0x0000000000014797                ctimer_expired
 .text          0x0000000000014809       0x39 build/cooja/mtype255.a(energest.o)
                0x0000000000014809                energest_init
                0x0000000000014819                energest_flush
                0x0000000000014829                energest_get_total_time
 .text          0x0000000000014842      0x527 build/cooja/mtype255.a(etimer.o)
                0x0000000000014a97                etimer_request_poll
                0x0000000000014b48                etimer_set
                0x0000000000014b81                etimer_reset_with_new_interval
                0x0000000000014bc0                etimer_reset
                0x0000000000014bf6                etimer_restart
                0x0000000000014c2c                etimer_adjust
                0x0000000000014c53                etimer_expired
                0x0000000000014c70                etimer_expiration_time
                0x0000000000014c8c                etimer_start_time
                0x0000000000014ca0                etimer_pending
                0x0000000000014cbd                etimer_next_expiration_time
                0x0000000000014ce5                etimer_stop
 .text          0x0000000000014d69      0x4a3 build/cooja/mtype255.a(log.o)
                0x0000000000014d69                log_6addr
                0x0000000000014dcd                log_6addr_compact_snprint
                0x0000000000014e8d                log_6addr_compact
                0x0000000000014ef1                log_lladdr
                0x0000000000014f78                log_lladdr_compact
                0x0000000000014ff5                log_bytes
                0x0000000000015049                log_set_level
                0x0000000000015127                log_get_level
                0x00000000000151b8                log_level_to_str
 .text          0x000000000001520c      0x5cb build/cooja/mtype255.a(process.o)
                0x000000000001520c                process_alloc_event
                0x000000000001522d                process_start
                0x0000000000015432                process_exit
                0x000000000001545a                process_init
                0x0000000000015622                process_run
                0x0000000000015665                process_nevents
                0x000000000001568a                process_post
                0x0000000000015737                process_post_synch
                0x000000000001577d                process_poll
                0x00000000000157b9                process_is_running
 .text.__x86.get_pc_thunk.si
                0x00000000000157d7        0x4 build/cooja/mtype255.a(process.o)
                0x00000000000157d7                __x86.get_pc_thunk.si
 .text          0x00000000000157db      0x122 build/cooja/mtype255.a(rtimer.o)
                0x00000000000157db                rtimer_init
                0x00000000000157fa                rtimer_set
                0x0000000000015888                rtimer_run_next
 .text          0x00000000000158fd       0x36 build/cooja/mtype255.a(node-id.o)
                0x00000000000158fd                node_id_init
 .text          0x0000000000015933       0xf6 build/cooja/mtype255.a(timer.o)
                0x0000000000015933                timer_set
                0x0000000000015962                timer_reset
                0x0000000000015999                timer_restart
                0x00000000000159bf                timer_expired
                0x00000000000159fd                timer_remaining
 .text          0x0000000000015a29      0x311 build/cooja/mtype255.a(list.o)
                0x0000000000015a29                list_init
                0x0000000000015a42                list_head
                0x0000000000015a56                list_copy
                0x0000000000015a70                list_tail
                0x0000000000015ab0                list_add
                0x0000000000015b06                list_push
                0x0000000000015b3c                list_chop
                0x0000000000015bb0                list_pop
                0x0000000000015be2                list_remove
                0x0000000000015c54                list_length
                0x0000000000015c8c                list_insert
                0x0000000000015cdb                list_item_next
                0x0000000000015cfc                list_contains
 .text          0x0000000000015d3a      0x1ec build/cooja/mtype255.a(memb.o)
                0x0000000000015d3a                memb_init
                0x0000000000015d9e                memb_alloc
                0x0000000000015e0b                memb_free
                0x0000000000015e8c                memb_inmemb
                0x0000000000015ed5                memb_numfree
 .text          0x0000000000015f26      0x566 build/cooja/mtype255.a(button-hal.o)
                0x000000000001611a                button_hal_get_by_id
                0x0000000000016164                button_hal_get_by_index
                0x000000000001619e                button_hal_get_state
                0x0000000000016200                button_hal_init
 .text          0x000000000001648c      0x242 build/cooja/mtype255.a(serial-line.o)
                0x000000000001648c                serial_line_input_byte
                0x0000000000016684                serial_line_init
 .text          0x00000000000166ce      0x1d6 build/cooja/mtype255.a(gpio-hal.o)
                0x00000000000166ce                gpio_hal_register_handler
                0x00000000000166fc                gpio_hal_event_handler
                0x0000000000016769                gpio_hal_init
                0x0000000000016798                gpio_hal_arch_port_toggle_pin
                0x00000000000167e3                gpio_hal_arch_port_toggle_pins
                0x0000000000016820                gpio_hal_arch_no_port_toggle_pin
                0x000000000001686d                gpio_hal_arch_no_port_toggle_pins
 .text          0x00000000000168a4      0x3a9 build/cooja/mtype255.a(queuebuf.o)
                0x00000000000168b8                queuebuf_init
                0x00000000000168f4                queuebuf_numfree
                0x000000000001691e                queuebuf_new_from_packetbuf
                0x00000000000169d2                queuebuf_update_attr_from_packetbuf
                0x0000000000016a16                queuebuf_update_from_packetbuf
                0x0000000000016a75                queuebuf_free
                0x0000000000016ad3                queuebuf_to_packetbuf
                0x0000000000016b50                queuebuf_dataptr
                0x0000000000016b9c                queuebuf_datalen
                0x0000000000016bc9                queuebuf_addr
                0x0000000000016c08                queuebuf_attr
                0x0000000000016c3d                queuebuf_debug_print
 .text          0x0000000000016c4d      0x4dd build/cooja/mtype255.a(packetbuf.o)
                0x0000000000016c4d                packetbuf_clear
                0x0000000000016c83                packetbuf_copyfrom
                0x0000000000016ce3                packetbuf_copyto
                0x0000000000016d81                packetbuf_hdralloc
                0x0000000000016e11                packetbuf_hdrreduce
                0x0000000000016e63                packetbuf_set_datalen
                0x0000000000016e88                packetbuf_dataptr
                0x0000000000016eaf                packetbuf_hdrptr
                0x0000000000016ec4                packetbuf_datalen
                0x0000000000016eda                packetbuf_hdrlen
                0x0000000000016ef9                packetbuf_totlen
                0x0000000000016f19                packetbuf_remaininglen
                0x0000000000016f36                packetbuf_attr_clear
                0x0000000000016f9c                packetbuf_attr_copyto
                0x0000000000016fe2                packetbuf_attr_copyfrom
                0x0000000000017028                packetbuf_set_attr
                0x000000000001705e                packetbuf_attr
                0x0000000000017084                packetbuf_set_addr
                0x00000000000170cc                packetbuf_addr
                0x00000000000170f6                packetbuf_holds_broadcast
 .text          0x000000000001712a      0x13c build/cooja/mtype255.a(netstack.o)
                0x000000000001712a                netstack_process_ip_callback
                0x00000000000171cb                netstack_ip_packet_processor_add
                0x00000000000171ff                uip_ds6_ip_packet_processor_rm
                0x000000000001722d                netstack_init
 .text          0x0000000000017266       0x75 build/cooja/mtype255.a(linkaddr.o)
                0x0000000000017266                linkaddr_copy
                0x0000000000017286                linkaddr_cmp
                0x00000000000172b9                linkaddr_set_node_addr
 .text          0x00000000000172db      0x273 build/cooja/mtype255.a(csma.o)
 .text          0x000000000001754e      0xa6f build/cooja/mtype255.a(csma-output.o)
                0x0000000000017cc0                csma_output_packet
                0x0000000000017f6f                csma_output_init
 .text          0x0000000000017fbd      0xe47 build/cooja/mtype255.a(uip-ds6.o)
                0x0000000000017fbd                uip_ds6_default_prefix
                0x0000000000017fd2                uip_ds6_set_default_prefix
                0x0000000000018008                uip_ds6_init
                0x00000000000182a3                uip_ds6_periodic
                0x000000000001834b                uip_ds6_list_loop
                0x000000000001841a                uip_ds6_prefix_add
                0x00000000000184e1                uip_ds6_prefix_rm
                0x00000000000184fe                uip_ds6_prefix_lookup
                0x0000000000018551                uip_ds6_is_addr_onlink
                0x00000000000185de                uip_ds6_addr_add
                0x0000000000018720                uip_ds6_addr_rm
                0x00000000000187df                uip_ds6_addr_lookup
                0x000000000001882f                uip_ds6_get_link_local
                0x00000000000188cd                uip_ds6_get_global
                0x000000000001896b                uip_ds6_maddr_add
                0x00000000000189e7                uip_ds6_maddr_rm
                0x0000000000018a04                uip_ds6_maddr_lookup
                0x0000000000018a57                uip_ds6_aaddr_add
                0x0000000000018ad0                uip_ds6_aaddr_rm
                0x0000000000018aed                uip_ds6_aaddr_lookup
                0x0000000000018b3d                uip_ds6_select_src
                0x0000000000018cab                uip_ds6_set_addr_iid
                0x0000000000018ce0                uip_ds6_set_lladdr_from_iid
                0x0000000000018d13                get_match_length
                0x0000000000018dae                uip_ds6_compute_reachable_time
 .text          0x0000000000018e04      0x152 build/cooja/mtype255.a(uip-udp-packet.)
                0x0000000000018e04                uip_udp_packet_send
                0x0000000000018e7d                uip_udp_packet_sendto
 .text          0x0000000000018f56      0x43f build/cooja/mtype255.a(uip-ds6-route.o)
                0x0000000000018fb8                uip_ds6_route_init
                0x0000000000018ff4                uip_ds6_route_nexthop
                0x0000000000019008                uip_ds6_route_head
                0x000000000001901c                uip_ds6_route_next
                0x0000000000019030                uip_ds6_route_is_nexthop
                0x0000000000019044                uip_ds6_route_num_routes
                0x0000000000019058                uip_ds6_route_lookup
                0x000000000001906c                uip_ds6_route_add
                0x0000000000019089                uip_ds6_route_rm
                0x0000000000019099                uip_ds6_route_rm_by_nexthop
                0x00000000000190a9                uip_ds6_defrt_head
                0x00000000000190d3                uip_ds6_defrt_add
                0x0000000000019193                uip_ds6_defrt_rm
                0x000000000001920c                uip_ds6_defrt_lookup
                0x0000000000019283                uip_ds6_defrt_choose
                0x0000000000019309                uip_ds6_defrt_periodic
 .text          0x0000000000019395      0x43e build/cooja/mtype255.a(uip-ds6-nbr.o)
                0x0000000000019395                uip_ds6_neighbors_init
                0x00000000000193cb                uip_ds6_nbr_add
                0x0000000000019465                uip_ds6_nbr_rm
                0x00000000000194c4                uip_ds6_nbr_update_ll
                0x00000000000195c1                uip_ds6_nbr_get_ipaddr
                0x00000000000195e0                uip_ds6_nbr_get_ll
                0x000000000001960d                uip_ds6_nbr_num
                0x0000000000019667                uip_ds6_nbr_head
                0x0000000000019691                uip_ds6_nbr_next
                0x00000000000196be                uip_ds6_nbr_lookup
                0x0000000000019725                uip_ds6_nbr_ll_lookup
                0x0000000000019752                uip_ds6_nbr_ipaddr_from_lladdr
                0x0000000000019785                uip_ds6_nbr_lladdr_from_ipaddr
                0x00000000000197c3                uip_ds6_link_callback
 .text          0x00000000000197d3      0x870 build/cooja/mtype255.a(tcpip.o)
                0x00000000000197f9                tcpip_output
                0x00000000000198a8                udp_attach
                0x00000000000198ca                udp_new
                0x0000000000019924                udp_broadcast_new
                0x0000000000019ac4                tcpip_input
                0x0000000000019cba                tcpip_ipv6_output
                0x0000000000019ef6                tcpip_poll_udp
                0x0000000000019f26                tcpip_uipcall
 .text          0x000000000001a043     0x1520 build/cooja/mtype255.a(uip6.o)
                0x000000000001a0fc                uip_chksum
                0x000000000001a1f4                uip_icmp6chksum
                0x000000000001a213                uip_udpchksum
                0x000000000001a232                uip_init
                0x000000000001a291                uip_remove_ext_hdr
                0x000000000001a38c                uip_udp_new
                0x000000000001a705                uip_process
                0x000000000001b3f3                uip_htons
                0x000000000001b41f                uip_htonl
                0x000000000001b469                uip_send
 .text          0x000000000001b563      0x7d4 build/cooja/mtype255.a(uip-nd6.o)
                0x000000000001bd0c                uip_nd6_init
 .text          0x000000000001bd37     0x333d build/cooja/mtype255.a(sicslowpan.o)
                0x000000000001c435                netstack_sniffer_add
                0x000000000001c44e                netstack_sniffer_remove
                0x000000000001f033                sicslowpan_init
                0x000000000001f05f                sicslowpan_get_last_rssi
 .text          0x000000000001f074      0x51a build/cooja/mtype255.a(uiplib.o)
                0x000000000001f074                uiplib_ip6addrconv
                0x000000000001f23a                uiplib_ip4addrconv
                0x000000000001f307                uiplib_ipaddr_print
                0x000000000001f36b                uiplib_ipaddr_snprint
 .text          0x000000000001f58e      0x820 build/cooja/mtype255.a(rpl.o)
                0x000000000001f58e                rpl_lollipop_greater_than
                0x000000000001f5f1                rpl_get_global_address
                0x000000000001f727                rpl_link_callback
                0x000000000001f820                rpl_has_joined
                0x000000000001f856                rpl_is_reachable
                0x000000000001f8f9                rpl_reset_prefix
                0x000000000001f9f3                rpl_set_prefix_from_addr
                0x000000000001fbc2                rpl_set_prefix
                0x000000000001fd75                rpl_set_leaf_only
                0x000000000001fd98                rpl_get_leaf_only
 .text          0x000000000001fdae     0x205c build/cooja/mtype255.a(rpl-icmp6.o)
                0x000000000001ff0b                rpl_icmp6_update_nbr_table
                0x000000000002014c                rpl_icmp6_dis_output
                0x0000000000020b0f                rpl_icmp6_dio_output
                0x0000000000021651                rpl_icmp6_dao_output
                0x0000000000021c89                rpl_icmp6_dao_ack_output
                0x0000000000021daa                rpl_icmp6_init
 .text          0x0000000000021e0a      0x571 build/cooja/mtype255.a(rpl-dag-root.o)
                0x0000000000021e0a                rpl_dag_root_print_links
                0x0000000000022173                rpl_dag_root_set_prefix
                0x00000000000221ae                rpl_dag_root_start
                0x0000000000022339                rpl_dag_root_is_root
 .text          0x000000000002237b     0x6c6b build/cooja/mtype255.a(dtls.o)
                0x00000000000228e4                dtls_init
                0x0000000000022974                dtls_get_peer
                0x00000000000229ff                dtls_write
                0x0000000000024b4d                dtls_close
                0x000000000002749a                dtls_renegotiate
                0x0000000000028422                dtls_handle_message
                0x00000000000288d0                dtls_new_context
                0x0000000000028984                dtls_reset_peer
                0x00000000000289bb                dtls_free_context
                0x0000000000028a25                dtls_connect_peer
                0x0000000000028b21                dtls_connect
                0x0000000000028f0e                dtls_check_retransmit
 .text          0x0000000000028fe6      0x3bc build/cooja/mtype255.a(dtls-hmac.o)
                0x00000000000290c0                dtls_hmac_storage_init
                0x00000000000290eb                dtls_hmac_update
                0x0000000000029136                dtls_hmac_new
                0x000000000002916d                dtls_hmac_init
                0x0000000000029291                dtls_hmac_free
                0x00000000000292b8                dtls_hmac_finalize
 .text          0x00000000000293a2      0x15a build/cooja/mtype255.a(dtls-peer.o)
                0x00000000000293b2                dtls_peer_init
                0x0000000000029407                dtls_free_peer
                0x000000000002946a                dtls_new_peer
 .text          0x00000000000294fc      0x2eb build/cooja/mtype255.a(netq.o)
                0x0000000000029554                netq_init
                0x000000000002957f                netq_insert_node
                0x0000000000029624                netq_head
                0x0000000000029645                netq_next
                0x0000000000029666                netq_remove
                0x00000000000296e7                netq_pop_first
                0x0000000000029723                netq_node_new
                0x0000000000029769                netq_node_free
                0x0000000000029790                netq_delete_all
 .text          0x00000000000297e7     0x122d build/cooja/mtype255.a(dtls-crypto.o)
                0x00000000000299a9                dtls_crypto_init
                0x0000000000029a95                dtls_handshake_new
                0x0000000000029af1                dtls_handshake_free
                0x0000000000029b32                dtls_security_new
                0x0000000000029b8c                dtls_security_free
                0x0000000000029bb5                dtls_p_hash
                0x0000000000029e71                dtls_prf
                0x0000000000029ec7                dtls_mac
                0x000000000002a058                dtls_psk_pre_master_secret
                0x000000000002a17e                dtls_ec_key_from_uint32_asn1
                0x000000000002a366                dtls_ecdh_pre_master_secret
                0x000000000002a452                dtls_ecdsa_generate_key
                0x000000000002a51c                dtls_ecdsa_create_sig_hash
                0x000000000002a5d3                dtls_ecdsa_create_sig
                0x000000000002a6da                dtls_ecdsa_verify_sig_hash
                0x000000000002a7d1                dtls_ecdsa_verify_sig
                0x000000000002a8e6                dtls_encrypt
                0x000000000002a97d                dtls_decrypt
 .text          0x000000000002aa14      0xcf1 build/cooja/mtype255.a(rijndael.o)
                0x000000000002aa14                rijndaelKeySetupEnc
                0x000000000002b054                rijndaelEncrypt
                0x000000000002b696                rijndael_set_key_enc_only
                0x000000000002b6da                rijndael_encrypt
 .text          0x000000000002b705      0x9fa build/cooja/mtype255.a(sha2.o)
                0x000000000002b705                dtls_sha256_init
                0x000000000002b764                dtls_sha256_transform
                0x000000000002bb20                dtls_sha256_update
                0x000000000002bce4                dtls_sha256_final
                0x000000000002bf85                dtls_sha256_end
                0x000000000002c08c                dtls_sha256_data
 .text          0x000000000002c0ff     0x1f3e build/cooja/mtype255.a(ecc.o)
                0x000000000002dafb                ecc_ec_mult
                0x000000000002dcb9                ecc_ecdsa_sign_hash
                0x000000000002de72                ecc_ecdsa_validate
                0x000000000002e011                ecc_is_valid_key
 .text          0x000000000002e03d       0x6b build/cooja/mtype255.a(watchdog.o)
                0x000000000002e03d                watchdog_init
                0x000000000002e04d                watchdog_start
                0x000000000002e05d                watchdog_periodic
                0x000000000002e088                watchdog_stop
                0x000000000002e098                watchdog_reboot
 .text          0x000000000002e0a8       0x75 build/cooja/mtype255.a(int-master.o)
                0x000000000002e0a8                int_master_enable
                0x000000000002e0c2                int_master_read_and_disable
                0x000000000002e0ea                int_master_status_set
                0x000000000002e103                int_master_is_enabled
 .text          0x000000000002e11d      0x2bc build/cooja/mtype255.a(coap-timer-defa)
 .text          0x000000000002e3d9      0x11d build/cooja/mtype255.a(stimer.o)
                0x000000000002e3d9                stimer_set
                0x000000000002e408                stimer_reset
                0x000000000002e43f                stimer_restart
                0x000000000002e465                stimer_expired
                0x000000000002e4a1                stimer_remaining
                0x000000000002e4cd                stimer_elapsed
 .text          0x000000000002e4f6       0x31 build/cooja/mtype255.a(assert.o)
                0x000000000002e4f6                _xassert
 .text          0x000000000002e527      0x188 build/cooja/mtype255.a(ringbuf.o)
                0x000000000002e527                ringbuf_init
                0x000000000002e563                ringbuf_put
                0x000000000002e5eb                ringbuf_get
                0x000000000002e662                ringbuf_size
                0x000000000002e67e                ringbuf_elements
 .text          0x000000000002e6af      0x8d0 build/cooja/mtype255.a(nbr-table.o)
                0x000000000002ebc2                nbr_table_register
                0x000000000002ec40                nbr_table_is_registered
                0x000000000002ec85                nbr_table_head
                0x000000000002ecf2                nbr_table_next
                0x000000000002ed64                nbr_table_add_lladdr
                0x000000000002ee55                nbr_table_get_from_lladdr
                0x000000000002eeb2                nbr_table_remove
                0x000000000002eefd                nbr_table_lock
                0x000000000002ef23                nbr_table_unlock
                0x000000000002ef49                nbr_table_get_lladdr
 .text          0x000000000002ef7f      0x43d build/cooja/mtype255.a(link-stats.o)
                0x000000000002ef7f                link_stats_from_lladdr
                0x000000000002efac                link_stats_get_lladdr
                0x000000000002efd9                link_stats_is_fresh
                0x000000000002f026                guess_etx_from_rssi
                0x000000000002f0ac                link_stats_packet_sent
                0x000000000002f1dd                link_stats_input_callback
                0x000000000002f311                link_stats_reset
                0x000000000002f373                link_stats_init
 .text          0x000000000002f3bc      0x1a8 build/cooja/mtype255.a(mac-sequence.o)
                0x000000000002f3bc                mac_sequence_is_duplicate
                0x000000000002f47c                mac_sequence_register_seqno
 .text          0x000000000002f564       0x2d build/cooja/mtype255.a(mac.o)
                0x000000000002f564                mac_call_sent_callback
 .text          0x000000000002f591      0x477 build/cooja/mtype255.a(framer-802154.o)
                0x000000000002f734                framer_802154_setup_params
 .text          0x000000000002fa08      0xc1a build/cooja/mtype255.a(frame802154.o)
                0x000000000002fa43                frame802154_get_pan_id
                0x000000000002fa59                frame802154_set_pan_id
                0x000000000002fa7e                frame802154_has_panid
                0x000000000002fc37                frame802154_check_dest_panid
                0x000000000002fcc9                frame802154_is_broadcast_addr
                0x000000000002fd20                frame802154_extract_linkaddr
                0x000000000002ffa9                frame802154_hdrlen
                0x0000000000030026                frame802154_create_fcf
                0x00000000000300e8                frame802154_create
                0x0000000000030273                frame802154_parse_fcf
                0x000000000003035f                frame802154_parse
 .text          0x0000000000030622       0x4e build/cooja/mtype255.a(csma-security.o)
                0x0000000000030622                csma_security_create_frame
                0x0000000000030653                csma_security_parse_frame
 .text          0x0000000000030670      0x5b2 build/cooja/mtype255.a(uipbuf.o)
                0x0000000000030670                uipbuf_clear
                0x00000000000306a7                uipbuf_add_ext_hdr
                0x0000000000030742                uipbuf_set_len
                0x000000000003077c                uipbuf_set_len_field
                0x00000000000307b2                uipbuf_get_len_field
                0x00000000000307dc                uipbuf_get_next_header
                0x0000000000030918                uipbuf_get_last_header
                0x000000000003099b                uipbuf_search_header
                0x0000000000030a5f                uipbuf_get_attr
                0x0000000000030a90                uipbuf_set_attr
                0x0000000000030ad1                uipbuf_set_default_attr
                0x0000000000030b12                uipbuf_clear_attr
                0x0000000000030b46                uipbuf_set_attr_flag
                0x0000000000030b72                uipbuf_clr_attr_flag
                0x0000000000030ba4                uipbuf_is_attr_flag
                0x0000000000030bd2                uipbuf_init
 .text          0x0000000000030c22      0x8b7 build/cooja/mtype255.a(uip-icmp6.o)
                0x0000000000030ca7                uip_icmp6_input
                0x0000000000030d08                uip_icmp6_register_input_handler
                0x0000000000030ebc                uip_icmp6_error_output
                0x00000000000311fe                uip_icmp6_send
                0x000000000003142c                uip_icmp6_echo_reply_callback_add
                0x000000000003146f                uip_icmp6_echo_reply_callback_rm
                0x000000000003149d                uip_icmp6_init
 .text          0x00000000000314d9      0x772 build/cooja/mtype255.a(uip-sr.o)
                0x00000000000314d9                uip_sr_num_nodes
                0x0000000000031585                uip_sr_get_node
                0x00000000000315ec                uip_sr_is_addr_reachable
                0x00000000000316a9                uip_sr_expire_parent
                0x00000000000316fc                uip_sr_update_node
                0x0000000000031840                uip_sr_init
                0x0000000000031886                uip_sr_node_head
                0x00000000000318b0                uip_sr_node_next
                0x00000000000318d6                uip_sr_periodic
                0x00000000000319f2                uip_sr_free_all
                0x0000000000031a77                uip_sr_link_snprint
 .text          0x0000000000031c4b      0x1a5 build/cooja/mtype255.a(uip-packetqueue)
                0x0000000000031c8b                uip_packetqueue_new
                0x0000000000031ca4                uip_packetqueue_alloc
                0x0000000000031d13                uip_packetqueue_free
                0x0000000000031d6b                uip_packetqueue_buf
                0x0000000000031d92                uip_packetqueue_buflen
                0x0000000000031dbd                uip_packetqueue_set_buflen
 .text          0x0000000000031df0      0x348 build/cooja/mtype255.a(rpl-nbr-policy.)
                0x00000000000320e6                rpl_nbr_policy_find_removable
 .text          0x0000000000032138      0xe1e build/cooja/mtype255.a(rpl-neighbor.o)
                0x00000000000321d4                rpl_neighbor_snprint
                0x00000000000324bc                rpl_neighbor_print_list
                0x0000000000032706                rpl_neighbor_count
                0x00000000000327e9                rpl_neighbor_get_from_lladdr
                0x0000000000032816                rpl_neighbor_is_acceptable_parent
                0x000000000003285c                rpl_neighbor_get_link_metric
                0x00000000000328a2                rpl_neighbor_rank_via_nbr
                0x00000000000328e8                rpl_neighbor_get_lladdr
                0x0000000000032915                rpl_neighbor_get_ipaddr
                0x000000000003294b                rpl_neighbor_get_link_stats
                0x0000000000032981                rpl_neighbor_is_fresh
                0x00000000000329b7                rpl_neighbor_is_reachable
                0x0000000000032a14                rpl_neighbor_is_parent
                0x0000000000032a4b                rpl_neighbor_set_preferred_parent
                0x0000000000032bd7                rpl_neighbor_remove_all
                0x0000000000032c83                rpl_neighbor_get_from_ipaddr
                0x0000000000032dbd                rpl_neighbor_select_best
                0x0000000000032f24                rpl_neighbor_init
 .text          0x0000000000032f56     0x1c61 build/cooja/mtype255.a(rpl-dag.o)
                0x0000000000032f56                rpl_dag_state_to_str
                0x0000000000032fa4                rpl_dag_get_root_ipaddr
                0x0000000000032ff4                rpl_dag_leave
                0x0000000000033138                rpl_dag_poison_and_leave
                0x0000000000033164                rpl_dag_periodic
                0x00000000000332b4                rpl_is_addr_in_our_dag
                0x0000000000033313                rpl_get_default_instance
                0x000000000003333d                rpl_get_any_dag
                0x00000000000333b3                rpl_refresh_routes
                0x0000000000033488                rpl_global_repair
                0x0000000000033652                rpl_local_repair
                0x00000000000336fd                rpl_dag_ready_to_advertise
                0x0000000000033756                rpl_dag_update_state
                0x00000000000345c5                rpl_process_dio
                0x00000000000346a5                rpl_process_dis
                0x000000000003473a                rpl_process_dao
                0x000000000003481e                rpl_process_dao_ack
                0x0000000000034927                rpl_process_hbh
                0x0000000000034987                rpl_dag_init_root
                0x0000000000034b85                rpl_dag_init
 .text          0x0000000000034bb7      0xf08 build/cooja/mtype255.a(rpl-timers.o)
                0x0000000000034bb7                rpl_timers_schedule_periodic_dis
                0x0000000000034d61                rpl_timers_dio_reset
                0x0000000000034f1e                rpl_timers_schedule_unicast_dio
                0x00000000000350f1                rpl_timers_schedule_dao
                0x00000000000351f7                rpl_timers_schedule_dao_ack
                0x00000000000352c6                rpl_timers_notify_dao_ack
                0x000000000003534c                get_probing_delay
                0x0000000000035391                get_probing_target
                0x00000000000356cb                rpl_schedule_probing
                0x0000000000035717                rpl_schedule_probing_now
                0x00000000000357b1                rpl_timers_unschedule_leaving
                0x000000000003580b                rpl_timers_schedule_leaving
                0x0000000000035870                rpl_timers_init
                0x0000000000035963                rpl_timers_stop_dag_timers
                0x0000000000035a20                rpl_timers_unschedule_state_update
                0x0000000000035a5c                rpl_timers_schedule_state_update
 .text          0x0000000000035abf     0x14a6 build/cooja/mtype255.a(rpl-ext-header.)
                0x0000000000035abf                rpl_ext_header_srh_get_next_hop
                0x0000000000035c09                rpl_ext_header_srh_update
                0x000000000003667d                rpl_ext_header_hbh_update
                0x0000000000036cdf                rpl_ext_header_update
                0x0000000000036d8e                rpl_ext_header_remove
 .text          0x0000000000036f65      0x3e2 build/cooja/mtype255.a(rpl-mrhof.o)
 .text          0x0000000000037347      0x298 build/cooja/mtype255.a(dtls-support.o)
                0x0000000000037347                dtls_context_acquire
                0x0000000000037375                dtls_context_release
                0x0000000000037397                dtls_cipher_context_acquire
                0x00000000000373ac                dtls_cipher_context_release
                0x00000000000373bc                dtls_ticks
                0x00000000000373e2                dtls_fill_random
                0x00000000000374c6                dtls_set_retransmit_timer
                0x00000000000374fb                dtls_session_init
                0x0000000000037526                dtls_session_equals
                0x000000000003755b                dtls_session_get_address
                0x000000000003756d                dtls_session_get_address_size
                0x0000000000037581                dtls_session_print
                0x00000000000375a8                dtls_session_log
                0x00000000000375cf                dtls_support_init
 .text          0x00000000000375df      0x901 build/cooja/mtype255.a(dtls-ccm.o)
                0x0000000000037a65                dtls_ccm_encrypt_message
                0x0000000000037c9b                dtls_ccm_decrypt_message
 .text          0x0000000000037ee0      0x116 /usr/lib/gcc/i686-linux-gnu/7/libgcc.a(_udivdi3.o)
                0x0000000000037ee0                __udivdi3
 *fill*         0x0000000000037ff6        0xa 
 .text          0x0000000000038000       0x14 /usr/lib/i386-linux-gnu/libc_nonshared.a(stack_chk_fail_local.oS)
                0x0000000000038000                __stack_chk_fail_local
 .text          0x0000000000038014        0x0 /usr/lib/gcc/i686-linux-gnu/7/crtendS.o
 .text          0x0000000000038014        0x0 /usr/lib/gcc/i686-linux-gnu/7/../../../i386-linux-gnu/crtn.o
 *(.gnu.warning)

.fini           0x0000000000038014       0x14
 *(SORT_NONE(.fini))
 .fini          0x0000000000038014        0xf /usr/lib/gcc/i686-linux-gnu/7/../../../i386-linux-gnu/crti.o
                0x0000000000038014                _fini
 .fini          0x0000000000038023        0x5 /usr/lib/gcc/i686-linux-gnu/7/../../../i386-linux-gnu/crtn.o
                [!provide]                        PROVIDE (__etext = .)
                [!provide]                        PROVIDE (_etext = .)
                [!provide]                        PROVIDE (etext = .)

.rodata         0x0000000000038040     0x3693
 *(.rodata .rodata.* .gnu.linkonce.r.*)
 .rodata        0x0000000000038040       0x6b coap-example-server-z1.o
 *fill*         0x00000000000380ab        0x1 
 .rodata        0x00000000000380ac        0x6 build/cooja/mtype255.a(leds-arch.o)
                0x00000000000380ac                leds_arch_leds
 .rodata        0x00000000000380b2        0x4 build/cooja/mtype255.a(pir-sensor.o)
 .rodata        0x00000000000380b6        0x6 build/cooja/mtype255.a(rs232.o)
 .rodata        0x00000000000380bc        0xa build/cooja/mtype255.a(vib-sensor.o)
 *fill*         0x00000000000380c6        0x2 
 .rodata        0x00000000000380c8       0x27 build/cooja/mtype255.a(cfs-cooja.o)
 *fill*         0x00000000000380ef        0x1 
 .rodata        0x00000000000380f0       0x68 build/cooja/mtype255.a(cooja-radio.o)
 .rodata        0x0000000000038158        0x8 build/cooja/mtype255.a(sensors.o)
 .rodata        0x0000000000038160       0x14 build/cooja/mtype255.a(buttons.o)
                0x000000000003816c                button_hal_button_count
 .rodata        0x0000000000038174       0x6d build/cooja/mtype255.a(res-hello.o)
 .rodata        0x00000000000381e1       0x41 build/cooja/mtype255.a(coap-engine.o)
 .rodata        0x0000000000038222       0x19 build/cooja/mtype255.a(coap-res-well-k)
 *fill*         0x000000000003823b        0x1 
 .rodata        0x000000000003823c      0x1ac build/cooja/mtype255.a(coap.o)
 .rodata        0x00000000000383e8       0x35 build/cooja/mtype255.a(coap-uip.o)
 .rodata        0x000000000003841d       0x11 build/cooja/mtype255.a(coap-observe.o)
 *fill*         0x000000000003842e        0x2 
 .rodata        0x0000000000038430       0xfc build/cooja/mtype255.a(contiki-main.o)
 .rodata        0x000000000003852c        0xf build/cooja/mtype255.a(ctimer.o)
 .rodata        0x000000000003853b        0xc build/cooja/mtype255.a(etimer.o)
 *fill*         0x0000000000038547        0x1 
 .rodata        0x0000000000038548       0xc4 build/cooja/mtype255.a(log.o)
 .rodata        0x000000000003860c       0x13 build/cooja/mtype255.a(button-hal.o)
 .rodata        0x000000000003861f        0xe build/cooja/mtype255.a(serial-line.o)
 *fill*         0x000000000003862d        0x3 
 .rodata        0x0000000000038630        0x8 build/cooja/mtype255.a(linkaddr.o)
                0x0000000000038630                linkaddr_null
 .rodata        0x0000000000038638        0x5 build/cooja/mtype255.a(csma.o)
 *fill*         0x000000000003863d        0x3 
 .rodata        0x0000000000038640       0x22 build/cooja/mtype255.a(csma-output.o)
 *fill*         0x0000000000038662        0x2 
 .rodata        0x0000000000038664       0x4d build/cooja/mtype255.a(uip-ds6-route.o)
 .rodata        0x00000000000386b1        0xd build/cooja/mtype255.a(tcpip.o)
 *fill*         0x00000000000386be        0x2 
 .rodata        0x00000000000386c0       0x1f build/cooja/mtype255.a(sicslowpan.o)
                0x00000000000386c0                unc_llconf
                0x00000000000386c4                unc_ctxconf
                0x00000000000386c8                unc_mxconf
                0x00000000000386cc                llprefix
 .rodata        0x00000000000386df       0x2d build/cooja/mtype255.a(uiplib.o)
 .rodata        0x000000000003870c       0xd4 build/cooja/mtype255.a(rpl.o)
 .rodata        0x00000000000387e0      0x587 build/cooja/mtype255.a(rpl-icmp6.o)
 *fill*         0x0000000000038d67        0x1 
 .rodata        0x0000000000038d68       0xc4 build/cooja/mtype255.a(rpl-dag-root.o)
 .rodata        0x0000000000038e2c      0x3ce build/cooja/mtype255.a(dtls.o)
 *fill*         0x00000000000391fa        0x2 
 .rodata        0x00000000000391fc       0x29 build/cooja/mtype255.a(dtls-hmac.o)
 .rodata        0x0000000000039225        0xe build/cooja/mtype255.a(dtls-peer.o)
 *fill*         0x0000000000039233        0x1 
 .rodata        0x0000000000039234       0x24 build/cooja/mtype255.a(netq.o)
 .rodata        0x0000000000039258       0x2b build/cooja/mtype255.a(dtls-crypto.o)
 *fill*         0x0000000000039283       0x1d 
 .rodata        0x00000000000392a0     0x1428 build/cooja/mtype255.a(rijndael.o)
 *fill*         0x000000000003a6c8       0x18 
 .rodata        0x000000000003a6e0      0x15d build/cooja/mtype255.a(sha2.o)
 *fill*         0x000000000003a83d        0x3 
 .rodata        0x000000000003a840      0x120 build/cooja/mtype255.a(ecc.o)
                0x000000000003a920                ecc_g_point_x
                0x000000000003a940                ecc_g_point_y
 .rodata        0x000000000003a960       0x13 build/cooja/mtype255.a(coap-timer-defa)
 *fill*         0x000000000003a973        0x1 
 .rodata        0x000000000003a974       0x25 build/cooja/mtype255.a(assert.o)
 .rodata        0x000000000003a999       0x44 build/cooja/mtype255.a(uip-sr.o)
 *fill*         0x000000000003a9dd        0x3 
 .rodata        0x000000000003a9e0       0xe3 build/cooja/mtype255.a(rpl-nbr-policy.)
 *fill*         0x000000000003aac3        0x1 
 .rodata        0x000000000003aac4      0x15a build/cooja/mtype255.a(rpl-neighbor.o)
 *fill*         0x000000000003ac1e        0x2 
 .rodata        0x000000000003ac20      0x60c build/cooja/mtype255.a(rpl-dag.o)
 .rodata        0x000000000003b22c       0x89 build/cooja/mtype255.a(rpl-timers.o)
 *fill*         0x000000000003b2b5        0x3 
 .rodata        0x000000000003b2b8      0x3f6 build/cooja/mtype255.a(rpl-ext-header.)
 .rodata        0x000000000003b6ae       0x25 build/cooja/mtype255.a(rpl-mrhof.o)

.rodata1
 *(.rodata1)

.eh_frame_hdr   0x000000000003b6d4     0x211c
 *(.eh_frame_hdr)
 .eh_frame_hdr  0x000000000003b6d4     0x211c coap-example-server-z1.o
                0x000000000003b6d4                __GNU_EH_FRAME_HDR
 *(.eh_frame_entry .eh_frame_entry.*)

.eh_frame       0x000000000003d7f0     0x9010
 *(.eh_frame)
 .eh_frame      0x000000000003d7f0       0x3c /usr/lib/gcc/i686-linux-gnu/7/../../../i386-linux-gnu/crti.o
                                         0x40 (size before relaxing)
 .eh_frame      0x000000000003d82c       0x14 /usr/lib/gcc/i686-linux-gnu/7/../../../i386-linux-gnu/crti.o
                                         0x2c (size before relaxing)
 .eh_frame      0x000000000003d840       0x24 coap-example-server-z1.o
                                         0x50 (size before relaxing)
 .eh_frame      0x000000000003d864      0x1ac build/cooja/mtype255.o
                                        0x1ec (size before relaxing)
 .eh_frame      0x000000000003da10       0x48 build/cooja/mtype255.a(simEnvChange.o)
                                         0x74 (size before relaxing)
 .eh_frame      0x000000000003da58       0x6c build/cooja/mtype255.a(cooja_mt.o)
                                         0x98 (size before relaxing)
 .eh_frame      0x000000000003dac4       0x88 build/cooja/mtype255.a(cooja_mtarch.o)
                                         0xc8 (size before relaxing)
 .eh_frame      0x000000000003db4c       0xe4 build/cooja/mtype255.a(rtimer-arch.o)
                                        0x110 (size before relaxing)
 .eh_frame      0x000000000003dc30      0x160 build/cooja/mtype255.a(beep.o)
                                        0x18c (size before relaxing)
 .eh_frame      0x000000000003dd90       0x88 build/cooja/mtype255.a(leds-arch.o)
                                         0xc8 (size before relaxing)
 .eh_frame      0x000000000003de18       0x44 build/cooja/mtype255.a(moteid.o)
                                         0x70 (size before relaxing)
 .eh_frame      0x000000000003de5c       0xa4 build/cooja/mtype255.a(pir-sensor.o)
                                         0xe4 (size before relaxing)
 .eh_frame      0x000000000003df00      0x110 build/cooja/mtype255.a(rs232.o)
                                        0x150 (size before relaxing)
 .eh_frame      0x000000000003e010       0xa4 build/cooja/mtype255.a(vib-sensor.o)
                                         0xe4 (size before relaxing)
 .eh_frame      0x000000000003e0b4       0xc0 build/cooja/mtype255.a(clock.o)
                                         0xec (size before relaxing)
 .eh_frame      0x000000000003e174      0x130 build/cooja/mtype255.a(cooja-log.o)
                                        0x170 (size before relaxing)
 .eh_frame      0x000000000003e2a4      0x16c build/cooja/mtype255.a(cfs-cooja.o)
                                        0x1ac (size before relaxing)
 .eh_frame      0x000000000003e410      0x354 build/cooja/mtype255.a(cooja-radio.o)
                                        0x394 (size before relaxing)
 .eh_frame      0x000000000003e764       0xa8 build/cooja/mtype255.a(eeprom.o)
                                         0xe8 (size before relaxing)
 .eh_frame      0x000000000003e80c       0x48 build/cooja/mtype255.a(random.o)
                                         0x74 (size before relaxing)
 .eh_frame      0x000000000003e854       0xd0 build/cooja/mtype255.a(sensors.o)
                                        0x110 (size before relaxing)
 .eh_frame      0x000000000003e924      0x140 build/cooja/mtype255.a(leds.o)
                                        0x180 (size before relaxing)
 .eh_frame      0x000000000003ea64      0x228 build/cooja/mtype255.a(gpio-hal-arch.o)
                                        0x27c (size before relaxing)
 .eh_frame      0x000000000003ec8c       0xa4 build/cooja/mtype255.a(buttons.o)
                                         0xe4 (size before relaxing)
 .eh_frame      0x000000000003ed30       0x24 build/cooja/mtype255.a(res-hello.o)
                                         0x50 (size before relaxing)
 .eh_frame      0x000000000003ed54      0x24c build/cooja/mtype255.a(coap-engine.o)
                                        0x28c (size before relaxing)
 .eh_frame      0x000000000003efa0       0x2c build/cooja/mtype255.a(coap-res-well-k)
                                         0x58 (size before relaxing)
 .eh_frame      0x000000000003efcc      0x72c build/cooja/mtype255.a(coap.o)
                                        0x76c (size before relaxing)
 .eh_frame      0x000000000003f6f8      0x3bc build/cooja/mtype255.a(coap-uip.o)
                                        0x3fc (size before relaxing)
 .eh_frame      0x000000000003fab4      0x128 build/cooja/mtype255.a(coap-timer.o)
                                        0x168 (size before relaxing)
 .eh_frame      0x000000000003fbdc      0x110 build/cooja/mtype255.a(coap-transactio)
                                        0x150 (size before relaxing)
 .eh_frame      0x000000000003fcec      0x1b4 build/cooja/mtype255.a(coap-observe.o)
                                        0x1f4 (size before relaxing)
 .eh_frame      0x000000000003fea0       0x38 build/cooja/mtype255.a(contiki-main.o)
                                         0x64 (size before relaxing)
 .eh_frame      0x000000000003fed8       0x48 build/cooja/mtype255.a(autostart.o)
                                         0x74 (size before relaxing)
 .eh_frame      0x000000000003ff20      0x11c build/cooja/mtype255.a(ctimer.o)
                                        0x15c (size before relaxing)
 .eh_frame      0x000000000004003c       0x60 build/cooja/mtype255.a(energest.o)
                                         0x8c (size before relaxing)
 .eh_frame      0x000000000004009c      0x204 build/cooja/mtype255.a(etimer.o)
                                        0x244 (size before relaxing)
 .eh_frame      0x00000000000402a0      0x144 build/cooja/mtype255.a(log.o)
                                        0x184 (size before relaxing)
 .eh_frame      0x00000000000403e4      0x1ec build/cooja/mtype255.a(process.o)
                                        0x22c (size before relaxing)
 .eh_frame      0x00000000000405d0       0x6c build/cooja/mtype255.a(rtimer.o)
                                         0xc0 (size before relaxing)
 .eh_frame      0x000000000004063c       0x20 build/cooja/mtype255.a(node-id.o)
                                         0x4c (size before relaxing)
 .eh_frame      0x000000000004065c       0xb4 build/cooja/mtype255.a(timer.o)
                                         0xe0 (size before relaxing)
 .eh_frame      0x0000000000040710      0x1a0 build/cooja/mtype255.a(list.o)
                                        0x1cc (size before relaxing)
 .eh_frame      0x00000000000408b0       0xa4 build/cooja/mtype255.a(memb.o)
                                         0xe4 (size before relaxing)
 .eh_frame      0x0000000000040954      0x188 build/cooja/mtype255.a(button-hal.o)
                                        0x1c8 (size before relaxing)
 .eh_frame      0x0000000000040adc       0x6c build/cooja/mtype255.a(serial-line.o)
                                         0x98 (size before relaxing)
 .eh_frame      0x0000000000040b48       0xfc build/cooja/mtype255.a(gpio-hal.o)
                                        0x13c (size before relaxing)
 .eh_frame      0x0000000000040c44      0x1c0 build/cooja/mtype255.a(queuebuf.o)
                                        0x200 (size before relaxing)
 .eh_frame      0x0000000000040e04      0x2b0 build/cooja/mtype255.a(packetbuf.o)
                                        0x2f0 (size before relaxing)
 .eh_frame      0x00000000000410b4       0x90 build/cooja/mtype255.a(netstack.o)
                                         0xd0 (size before relaxing)
 .eh_frame      0x0000000000041144       0x64 build/cooja/mtype255.a(linkaddr.o)
                                         0x90 (size before relaxing)
 .eh_frame      0x00000000000411a8       0xf0 build/cooja/mtype255.a(csma.o)
                                        0x130 (size before relaxing)
 .eh_frame      0x0000000000041298      0x1f8 build/cooja/mtype255.a(csma-output.o)
                                        0x238 (size before relaxing)
 .eh_frame      0x0000000000041490      0x364 build/cooja/mtype255.a(uip-ds6.o)
                                        0x3a4 (size before relaxing)
 .eh_frame      0x00000000000417f4       0x44 build/cooja/mtype255.a(uip-udp-packet.)
                                         0x84 (size before relaxing)
 .eh_frame      0x0000000000041838      0x240 build/cooja/mtype255.a(uip-ds6-route.o)
                                        0x280 (size before relaxing)
 .eh_frame      0x0000000000041a78      0x1e8 build/cooja/mtype255.a(uip-ds6-nbr.o)
                                        0x228 (size before relaxing)
 .eh_frame      0x0000000000041c60      0x270 build/cooja/mtype255.a(tcpip.o)
                                        0x2b0 (size before relaxing)
 .eh_frame      0x0000000000041ed0      0x20c build/cooja/mtype255.a(uip6.o)
                                        0x24c (size before relaxing)
 .eh_frame      0x00000000000420dc       0x8c build/cooja/mtype255.a(uip-nd6.o)
                                         0xe0 (size before relaxing)
 .eh_frame      0x0000000000042168      0x354 build/cooja/mtype255.a(sicslowpan.o)
                                        0x3a8 (size before relaxing)
 .eh_frame      0x00000000000424bc       0x9c build/cooja/mtype255.a(uiplib.o)
                                         0xdc (size before relaxing)
 .eh_frame      0x0000000000042558      0x1fc build/cooja/mtype255.a(rpl.o)
                                        0x23c (size before relaxing)
 .eh_frame      0x0000000000042754      0x204 build/cooja/mtype255.a(rpl-icmp6.o)
                                        0x244 (size before relaxing)
 .eh_frame      0x0000000000042958       0xb0 build/cooja/mtype255.a(rpl-dag-root.o)
                                         0xf0 (size before relaxing)
 .eh_frame      0x0000000000042a08      0xe14 build/cooja/mtype255.a(dtls.o)
                                        0xe54 (size before relaxing)
 .eh_frame      0x000000000004381c      0x184 build/cooja/mtype255.a(dtls-hmac.o)
                                        0x1c4 (size before relaxing)
 .eh_frame      0x00000000000439a0       0xb0 build/cooja/mtype255.a(dtls-peer.o)
                                         0xf0 (size before relaxing)
 .eh_frame      0x0000000000043a50      0x174 build/cooja/mtype255.a(netq.o)
                                        0x1b4 (size before relaxing)
 .eh_frame      0x0000000000043bc4      0x4a0 build/cooja/mtype255.a(dtls-crypto.o)
                                        0x4e0 (size before relaxing)
 .eh_frame      0x0000000000044064       0x88 build/cooja/mtype255.a(rijndael.o)
                                         0xb4 (size before relaxing)
 .eh_frame      0x00000000000440ec       0xf8 build/cooja/mtype255.a(sha2.o)
                                        0x138 (size before relaxing)
 .eh_frame      0x00000000000441e4      0x324 build/cooja/mtype255.a(ecc.o)
                                        0x364 (size before relaxing)
 .eh_frame      0x0000000000044508       0xa4 build/cooja/mtype255.a(watchdog.o)
                                         0xd0 (size before relaxing)
 .eh_frame      0x00000000000445ac       0x80 build/cooja/mtype255.a(int-master.o)
                                         0xac (size before relaxing)
 .eh_frame      0x000000000004462c       0xc4 build/cooja/mtype255.a(coap-timer-defa)
                                        0x104 (size before relaxing)
 .eh_frame      0x00000000000446f0       0xd8 build/cooja/mtype255.a(stimer.o)
                                        0x104 (size before relaxing)
 .eh_frame      0x00000000000447c8       0x24 build/cooja/mtype255.a(assert.o)
                                         0x50 (size before relaxing)
 .eh_frame      0x00000000000447ec       0xa0 build/cooja/mtype255.a(ringbuf.o)
                                         0xcc (size before relaxing)
 .eh_frame      0x000000000004488c      0x2cc build/cooja/mtype255.a(nbr-table.o)
                                        0x30c (size before relaxing)
 .eh_frame      0x0000000000044b58      0x140 build/cooja/mtype255.a(link-stats.o)
                                        0x180 (size before relaxing)
 .eh_frame      0x0000000000044c98       0x50 build/cooja/mtype255.a(mac-sequence.o)
                                         0x7c (size before relaxing)
 .eh_frame      0x0000000000044ce8       0x20 build/cooja/mtype255.a(mac.o)
                                         0x4c (size before relaxing)
 .eh_frame      0x0000000000044d08       0xb4 build/cooja/mtype255.a(framer-802154.o)
                                         0xf4 (size before relaxing)
 .eh_frame      0x0000000000044dbc      0x1b0 build/cooja/mtype255.a(frame802154.o)
                                        0x1f0 (size before relaxing)
 .eh_frame      0x0000000000044f6c       0x44 build/cooja/mtype255.a(csma-security.o)
                                         0x84 (size before relaxing)
 .eh_frame      0x0000000000044fb0      0x204 build/cooja/mtype255.a(uipbuf.o)
                                        0x230 (size before relaxing)
 .eh_frame      0x00000000000451b4      0x170 build/cooja/mtype255.a(uip-icmp6.o)
                                        0x1b0 (size before relaxing)
 .eh_frame      0x0000000000045324      0x1ac build/cooja/mtype255.a(uip-sr.o)
                                        0x1ec (size before relaxing)
 .eh_frame      0x00000000000454d0       0xec build/cooja/mtype255.a(uip-packetqueue)
                                        0x12c (size before relaxing)
 .eh_frame      0x00000000000455bc       0x8c build/cooja/mtype255.a(rpl-nbr-policy.)
                                         0xcc (size before relaxing)
 .eh_frame      0x0000000000045648      0x31c build/cooja/mtype255.a(rpl-neighbor.o)
                                        0x370 (size before relaxing)
 .eh_frame      0x0000000000045964      0x3c0 build/cooja/mtype255.a(rpl-dag.o)
                                        0x414 (size before relaxing)
 .eh_frame      0x0000000000045d24      0x418 build/cooja/mtype255.a(rpl-timers.o)
                                        0x458 (size before relaxing)
 .eh_frame      0x000000000004613c      0x160 build/cooja/mtype255.a(rpl-ext-header.)
                                        0x1a0 (size before relaxing)
 .eh_frame      0x000000000004629c      0x154 build/cooja/mtype255.a(rpl-mrhof.o)
                                        0x194 (size before relaxing)
 .eh_frame      0x00000000000463f0      0x200 build/cooja/mtype255.a(dtls-support.o)
                                        0x240 (size before relaxing)
 .eh_frame      0x00000000000465f0      0x16c build/cooja/mtype255.a(dtls-ccm.o)
                                        0x1ac (size before relaxing)
 .eh_frame      0x000000000004675c       0x84 /usr/lib/gcc/i686-linux-gnu/7/libgcc.a(_udivdi3.o)
                                         0x9c (size before relaxing)
 .eh_frame      0x00000000000467e0       0x1c /usr/lib/i386-linux-gnu/libc_nonshared.a(stack_chk_fail_local.oS)
                                         0x48 (size before relaxing)
 .eh_frame      0x00000000000467fc        0x4 /usr/lib/gcc/i686-linux-gnu/7/crtendS.o
 *(.eh_frame.*)

.gcc_except_table
 *(.gcc_except_table .gcc_except_table.*)

.gnu_extab
 *(.gnu_extab*)

.exception_ranges
 *(.exception_ranges .exception_ranges*)
                0x0000000000047bf8                . = DATA_SEGMENT_ALIGN (CONSTANT (MAXPAGESIZE), CONSTANT (COMMONPAGESIZE))

.eh_frame
 *(.eh_frame)
 *(.eh_frame.*)

.gnu_extab
 *(.gnu_extab)

.gcc_except_table
 *(.gcc_except_table .gcc_except_table.*)

.exception_ranges
 *(.exception_ranges .exception_ranges*)

.tdata
 *(.tdata .tdata.* .gnu.linkonce.td.*)

.tbss
 *(.tbss .tbss.* .gnu.linkonce.tb.*)
 *(.tcommon)

.preinit_array
 *(.preinit_array)

.init_array     0x0000000000047bf8        0x4
 *(SORT_BY_INIT_PRIORITY(.init_array.*) SORT_BY_INIT_PRIORITY(.ctors.*))
 *(.init_array EXCLUDE_FILE(*crtend?.o *crtend.o *crtbegin?.o *crtbegin.o) .ctors)
 .init_array    0x0000000000047bf8        0x4 /usr/lib/gcc/i686-linux-gnu/7/crtbeginS.o

.fini_array     0x0000000000047bfc        0x4
 *(SORT_BY_INIT_PRIORITY(.fini_array.*) SORT_BY_INIT_PRIORITY(.dtors.*))
 *(.fini_array EXCLUDE_FILE(*crtend?.o *crtend.o *crtbegin?.o *crtbegin.o) .dtors)
 .fini_array    0x0000000000047bfc        0x4 /usr/lib/gcc/i686-linux-gnu/7/crtbeginS.o

.ctors
 *crtbegin.o(.ctors)
 *crtbegin?.o(.ctors)
 *(EXCLUDE_FILE(*crtend?.o *crtend.o) .ctors)
 *(SORT_BY_NAME(.ctors.*))
 *(.ctors)

.dtors
 *crtbegin.o(.dtors)
 *crtbegin?.o(.dtors)
 *(EXCLUDE_FILE(*crtend?.o *crtend.o) .dtors)
 *(SORT_BY_NAME(.dtors.*))
 *(.dtors)

.jcr
 *(.jcr)

.data.rel.ro    0x0000000000047c00      0x198
 *(.data.rel.ro.local* .gnu.linkonce.d.rel.ro.local.*)
 .data.rel.ro.local
                0x0000000000047c00        0x8 coap-example-server-z1.o
                0x0000000000047c00                autostart_processes
 .data.rel.ro.local
                0x0000000000047c08        0x8 build/cooja/mtype255.a(beep.o)
                0x0000000000047c08                beep_interface
 .data.rel.ro.local
                0x0000000000047c10        0x8 build/cooja/mtype255.a(leds-arch.o)
                0x0000000000047c10                leds_interface
 .data.rel.ro.local
                0x0000000000047c18        0x8 build/cooja/mtype255.a(moteid.o)
                0x0000000000047c18                moteid_interface
 .data.rel.ro.local
                0x0000000000047c20       0x18 build/cooja/mtype255.a(pir-sensor.o)
                0x0000000000047c20                pir_interface
                0x0000000000047c28                pir_sensor
 .data.rel.ro.local
                0x0000000000047c38        0x8 build/cooja/mtype255.a(rs232.o)
                0x0000000000047c38                rs232_interface
 .data.rel.ro.local
                0x0000000000047c40       0x18 build/cooja/mtype255.a(vib-sensor.o)
                0x0000000000047c40                vib_interface
                0x0000000000047c48                vib_sensor
 .data.rel.ro.local
                0x0000000000047c58        0x8 build/cooja/mtype255.a(clock.o)
                0x0000000000047c58                clock_interface
 .data.rel.ro.local
                0x0000000000047c60        0x8 build/cooja/mtype255.a(cooja-log.o)
                0x0000000000047c60                simlog_interface
 .data.rel.ro.local
                0x0000000000047c68        0x8 build/cooja/mtype255.a(cfs-cooja.o)
                0x0000000000047c68                cfs_interface
 *fill*         0x0000000000047c70       0x10 
 .data.rel.ro.local
                0x0000000000047c80       0x58 build/cooja/mtype255.a(cooja-radio.o)
                0x0000000000047c80                radio_interface
                0x0000000000047ca0                cooja_radio_driver
 .data.rel.ro.local
                0x0000000000047cd8        0x8 build/cooja/mtype255.a(eeprom.o)
                0x0000000000047cd8                eeprom_interface
 .data.rel.ro.local
                0x0000000000047ce0       0x18 build/cooja/mtype255.a(buttons.o)
                0x0000000000047ce0                button_interface
                0x0000000000047ce8                button_sensor
 .data.rel.ro.local
                0x0000000000047cf8       0x1c build/cooja/mtype255.a(csma.o)
                0x0000000000047cf8                csma_driver
 .data.rel.ro.local
                0x0000000000047d14       0x10 build/cooja/mtype255.a(sicslowpan.o)
                0x0000000000047d14                sicslowpan_driver
 .data.rel.ro.local
                0x0000000000047d24        0xc build/cooja/mtype255.a(coap-timer-defa)
                0x0000000000047d24                coap_timer_default_driver
 .data.rel.ro.local
                0x0000000000047d30        0xc build/cooja/mtype255.a(framer-802154.o)
                0x0000000000047d30                framer_802154
 *(.data.rel.ro .data.rel.ro.* .gnu.linkonce.d.rel.ro.*)
 .data.rel.ro   0x0000000000047d3c        0x0 /usr/lib/gcc/i686-linux-gnu/7/../../../i386-linux-gnu/crti.o
 *fill*         0x0000000000047d3c        0x4 
 .data.rel.ro   0x0000000000047d40       0x54 build/cooja/mtype255.a(rpl.o)
                0x0000000000047d40                rpl_lite_driver
 .data.rel.ro   0x0000000000047d94        0x4 build/cooja/mtype255.a(rpl-dag.o)

.dynamic        0x0000000000047d98       0xf0
 *(.dynamic)
 .dynamic       0x0000000000047d98       0xf0 /usr/lib/gcc/i686-linux-gnu/7/../../../i386-linux-gnu/crti.o
                0x0000000000047d98                _DYNAMIC

.got            0x0000000000047e88      0x168
 *(.got)
 .got           0x0000000000047e88      0x168 /usr/lib/gcc/i686-linux-gnu/7/../../../i386-linux-gnu/crti.o
 *(.igot)
                0x0000000000047ff4                . = DATA_SEGMENT_RELRO_END (., (SIZEOF (.got.plt) >= 0xc)?0xc:0x0)

.got.plt        0x0000000000048000      0x678
 *(.got.plt)
 .got.plt       0x0000000000048000      0x678 /usr/lib/gcc/i686-linux-gnu/7/../../../i386-linux-gnu/crti.o
                0x0000000000048000                _GLOBAL_OFFSET_TABLE_
 *(.igot.plt)

.data           0x0000000000048680      0x464
 *(.data .data.* .gnu.linkonce.d.*)
 .data          0x0000000000048680        0x0 /usr/lib/gcc/i686-linux-gnu/7/../../../i386-linux-gnu/crti.o
 .data          0x0000000000048680        0x0 /usr/lib/gcc/i686-linux-gnu/7/crtbeginS.o
 .data.rel.local
                0x0000000000048680        0x4 /usr/lib/gcc/i686-linux-gnu/7/crtbeginS.o
                0x0000000000048680                __dso_handle
 .data          0x0000000000048684        0x0 coap-example-server-z1.o
 .data.rel.local
                0x0000000000048684       0x10 coap-example-server-z1.o
                0x0000000000048684                my_server
 .data          0x0000000000048694        0x0 build/cooja/mtype255.o
 *fill*         0x0000000000048694        0xc 
 .data.rel      0x00000000000486a0       0x44 build/cooja/mtype255.o
                0x00000000000486a0                simInterfaces
                0x00000000000486d4                sensors
 .data          0x00000000000486e4        0x0 build/cooja/mtype255.a(simEnvChange.o)
 .data          0x00000000000486e4        0x0 build/cooja/mtype255.a(cooja_mt.o)
 .data          0x00000000000486e4        0x0 build/cooja/mtype255.a(cooja_mtarch.o)
 .data          0x00000000000486e4        0x0 build/cooja/mtype255.a(rtimer-arch.o)
 .data          0x00000000000486e4        0x0 build/cooja/mtype255.a(beep.o)
 .data          0x00000000000486e4        0x0 build/cooja/mtype255.a(leds-arch.o)
 .data          0x00000000000486e4        0x0 build/cooja/mtype255.a(moteid.o)
 .data          0x00000000000486e4        0x0 build/cooja/mtype255.a(pir-sensor.o)
 .data          0x00000000000486e4        0x0 build/cooja/mtype255.a(rs232.o)
 .data          0x00000000000486e4        0x0 build/cooja/mtype255.a(vib-sensor.o)
 .data          0x00000000000486e4        0x0 build/cooja/mtype255.a(clock.o)
 .data          0x00000000000486e4        0x0 build/cooja/mtype255.a(cooja-log.o)
 .data          0x00000000000486e4        0x0 build/cooja/mtype255.a(cfs-cooja.o)
 .data          0x00000000000486e4       0x1c build/cooja/mtype255.a(cooja-radio.o)
                0x00000000000486e4                simRadioHWOn
                0x00000000000486e8                simSignalStrength
                0x00000000000486ec                simLastSignalStrength
                0x00000000000486f0                simPower
                0x00000000000486f4                simRadioChannel
                0x00000000000486f8                simLQI
 .data.rel.local
                0x0000000000048700       0x10 build/cooja/mtype255.a(cooja-radio.o)
                0x0000000000048700                cooja_radio_process
 .data          0x0000000000048710        0x0 build/cooja/mtype255.a(eeprom.o)
 .data          0x0000000000048710        0x0 build/cooja/mtype255.a(random.o)
 .data          0x0000000000048710        0x0 build/cooja/mtype255.a(sensors.o)
 .data.rel.local
                0x0000000000048710       0x10 build/cooja/mtype255.a(sensors.o)
                0x0000000000048710                sensors_process
 .data          0x0000000000048720        0x0 build/cooja/mtype255.a(leds.o)
 .data          0x0000000000048720        0x0 build/cooja/mtype255.a(gpio-hal-arch.o)
 .data          0x0000000000048720        0x1 build/cooja/mtype255.a(buttons.o)
                0x0000000000048720                simButtonIsActive
 *fill*         0x0000000000048721       0x1f 
 .data.rel.local
                0x0000000000048740       0x58 build/cooja/mtype255.a(buttons.o)
                0x0000000000048790                button_hal_buttons
 .data          0x0000000000048798        0x0 build/cooja/mtype255.a(res-hello.o)
 *fill*         0x0000000000048798        0x8 
 .data.rel.local
                0x00000000000487a0       0x24 build/cooja/mtype255.a(res-hello.o)
                0x00000000000487a0                res_hello
 .data          0x00000000000487c4        0x0 build/cooja/mtype255.a(coap-engine.o)
 .data.rel.local
                0x00000000000487c4        0x8 build/cooja/mtype255.a(coap-engine.o)
 .data          0x00000000000487cc        0x0 build/cooja/mtype255.a(coap-res-well-k)
 *fill*         0x00000000000487cc       0x14 
 .data.rel.local
                0x00000000000487e0       0x24 build/cooja/mtype255.a(coap-res-well-k)
                0x00000000000487e0                res_well_known_core
 .data          0x0000000000048804        0x0 build/cooja/mtype255.a(coap.o)
 .data.rel.local
                0x0000000000048804        0x4 build/cooja/mtype255.a(coap.o)
                0x0000000000048804                coap_error_message
 .data          0x0000000000048808        0x0 build/cooja/mtype255.a(coap-uip.o)
 .data.rel.local
                0x0000000000048808       0x28 build/cooja/mtype255.a(coap-uip.o)
                0x0000000000048820                coap_engine
 .data          0x0000000000048830        0x0 build/cooja/mtype255.a(coap-timer.o)
 .data.rel.local
                0x0000000000048830        0x4 build/cooja/mtype255.a(coap-timer.o)
 .data          0x0000000000048834        0x0 build/cooja/mtype255.a(coap-transactio)
 .data.rel.local
                0x0000000000048834       0x10 build/cooja/mtype255.a(coap-transactio)
 .data          0x0000000000048844        0x0 build/cooja/mtype255.a(coap-observe.o)
 .data.rel.local
                0x0000000000048844       0x10 build/cooja/mtype255.a(coap-observe.o)
 .data          0x0000000000048854        0x0 build/cooja/mtype255.a(contiki-main.o)
 .data          0x0000000000048854        0x0 build/cooja/mtype255.a(autostart.o)
 .data          0x0000000000048854        0x0 build/cooja/mtype255.a(ctimer.o)
 .data.rel.local
                0x0000000000048854       0x14 build/cooja/mtype255.a(ctimer.o)
                0x0000000000048858                ctimer_process
 .data          0x0000000000048868        0x0 build/cooja/mtype255.a(energest.o)
 .data          0x0000000000048868        0x0 build/cooja/mtype255.a(etimer.o)
 .data.rel.local
                0x0000000000048868       0x10 build/cooja/mtype255.a(etimer.o)
                0x0000000000048868                etimer_process
 .data          0x0000000000048878        0x8 build/cooja/mtype255.a(log.o)
                0x0000000000048878                curr_log_level_rpl
                0x000000000004887c                curr_log_level_main
 .data.rel.local
                0x0000000000048880       0x9c build/cooja/mtype255.a(log.o)
                0x0000000000048880                all_modules
 .data          0x000000000004891c        0x0 build/cooja/mtype255.a(process.o)
 .data          0x000000000004891c        0x0 build/cooja/mtype255.a(rtimer.o)
 .data          0x000000000004891c        0x0 build/cooja/mtype255.a(node-id.o)
 .data          0x000000000004891c        0x0 build/cooja/mtype255.a(timer.o)
 .data          0x000000000004891c        0x0 build/cooja/mtype255.a(list.o)
 .data          0x000000000004891c        0x0 build/cooja/mtype255.a(memb.o)
 .data          0x000000000004891c        0x0 build/cooja/mtype255.a(button-hal.o)
 .data.rel.local
                0x000000000004891c       0x10 build/cooja/mtype255.a(button-hal.o)
                0x000000000004891c                button_hal_process
 .data          0x000000000004892c        0x0 build/cooja/mtype255.a(serial-line.o)
 .data.rel.local